// Jest Snapshot v1, https://goo.gl/fbAQLP

exports[`ReportsLearnersTable doesn't render groups information when show groups set to false 1`] = `
<div class="core-table-container">
  <table class="core-table">
    <thead style="border-bottom: 1px solid #E6E6E6; font-size: 12px; color: rgb(102, 102, 102);">
      <tr>
        <th>Name</th>
        <th>Progress</th>
        <!---->
        <!---->
        <th>
          Time spent
        </th>
        <!---->
        <th>
          Last activity
        </th>
      </tr>
    </thead>
    <transition-group-stub tag="tbody" name="list">
      <tr>
        <td><span class="labeled-icon-wrapper"><span class="icon"><svg viewBox="0 0 24 24" role="presentation" focusable="false" xmlns="http://www.w3.org/2000/svg" width="24" height="24" class="" style="fill: #000000; top: 2px;"><path d="M12 12c2.21 0 4-1.79 4-4s-1.79-4-4-4-4 1.79-4 4 1.79 4 4 4zm0 2c-2.67 0-8 1.34-8 4v2h16v-2c0-2.66-5.33-4-8-4z"></path></svg></span> <span class="label" style="margin-left: 1.975em; max-width: calc(100% - 1.975em);"><span dir="auto" class="debug-warning"><a dir="auto" class="KRouterLink-noKey-0_psanzm link"><!----> <span class="link-text">learner1</span>
          <!----></a></span></span> <span class="icon-after"><!----></span></span></td>
        <td>
          <div><span class="labeled-icon-wrapper" nowrap="nowrap"><span class="icon"><svg viewBox="0 0 24 24" role="presentation" focusable="false" xmlns="http://www.w3.org/2000/svg" width="24" height="24" class="" style="fill: #FFCB00;"><path d="M11.99 2C6.47 2 2 6.48 2 12s4.47 10 9.99 10C17.52 22 22 17.52 22 12S17.52 2 11.99 2zm4.24 16L12 15.45 7.77 18l1.12-4.81-3.73-3.23 4.92-.42L12 5l1.92 4.53 4.92.42-3.73 3.23L16.23 18z"></path></svg></span> <span class="label" style="margin-left: 1.975em; max-width: calc(100% - 1.975em);"><span dir="auto" class="debug-warning">
    Completed
  </span></span> <span class="icon-after"><!----></span></span>
            <!---->
          </div>
        </td>
        <!---->
        <!---->
        <td><span>
    92 seconds
  </span></td>
        <!---->
        <td><span>
    yesterday
  </span></td>
      </tr>
      <tr>
        <td><span class="labeled-icon-wrapper"><span class="icon"><svg viewBox="0 0 24 24" role="presentation" focusable="false" xmlns="http://www.w3.org/2000/svg" width="24" height="24" class="" style="fill: #000000; top: 2px;"><path d="M12 12c2.21 0 4-1.79 4-4s-1.79-4-4-4-4 1.79-4 4 1.79 4 4 4zm0 2c-2.67 0-8 1.34-8 4v2h16v-2c0-2.66-5.33-4-8-4z"></path></svg></span> <span class="label" style="margin-left: 1.975em; max-width: calc(100% - 1.975em);"><span dir="auto" class="debug-warning"><a dir="auto" class="KRouterLink-noKey-0_psanzm link"><!----> <span class="link-text">learner2</span>
          <!----></a></span></span> <span class="icon-after"><!----></span></span></td>
        <td>
          <div><span class="labeled-icon-wrapper" nowrap="nowrap"><span class="icon"><svg viewBox="0 0 24 24" role="presentation" focusable="false" xmlns="http://www.w3.org/2000/svg" width="24" height="24" class="" style="fill: #0097F2;"><path d="M11.99 2C6.47 2 2 6.48 2 12s4.47 10 9.99 10C17.52 22 22 17.52 22 12S17.52 2 11.99 2zM12 20c-4.42 0-8-3.58-8-8s3.58-8 8-8 8 3.58 8 8-3.58 8-8 8z"></path><path d="M12.5 7H11v6l5.25 3.15.75-1.23-4.5-2.67z"></path></svg></span> <span class="label" style="margin-left: 1.975em; max-width: calc(100% - 1.975em);"><span dir="auto" class="debug-warning">
    Started
  </span></span> <span class="icon-after"><!----></span></span>
            <!---->
          </div>
        </td>
        <!---->
        <!---->
        <td><span>
    17 seconds
  </span></td>
        <!---->
        <td><span>
    3 hours ago
  </span></td>
      </tr>
    </transition-group-stub>
  </table>
</div>
`;
